  Determining projects to restore...
  All projects are up-to-date for restore.
  NewsletterApp.Domain -> D:\newsletter-app\newsletter-app\backend\Domain\bin\Debug\net8.0\NewsletterApp.Domain.dll
D:\newsletter-app\newsletter-app\backend\Application\Services\LookupService.cs(9,21): error CS0234: The type or namespace name 'Infrastructure' does not exist in the namespace 'NewsletterApp' (are you missing an assembly reference?) [D:\newsletter-app\newsletter-app\backend\Application\NewsletterApp.Application.csproj]
D:\newsletter-app\newsletter-app\backend\Application\Services\NewsletterService.cs(5,21): error CS0234: The type or namespace name 'Infrastructure' does not exist in the namespace 'NewsletterApp' (are you missing an assembly reference?) [D:\newsletter-app\newsletter-app\backend\Application\NewsletterApp.Application.csproj]
D:\newsletter-app\newsletter-app\backend\Application\Services\SubscriberService.cs(9,21): error CS0234: The type or namespace name 'Infrastructure' does not exist in the namespace 'NewsletterApp' (are you missing an assembly reference?) [D:\newsletter-app\newsletter-app\backend\Application\NewsletterApp.Application.csproj]
D:\newsletter-app\newsletter-app\backend\Application\Interfaces\IEmailService.cs(26,129): warning CS8625: Cannot convert null literal to non-nullable reference type. [D:\newsletter-app\newsletter-app\backend\Application\NewsletterApp.Application.csproj]
D:\newsletter-app\newsletter-app\backend\Application\Services\EmailService.cs(76,35): warning CS8625: Cannot convert null literal to non-nullable reference type. [D:\newsletter-app\newsletter-app\backend\Application\NewsletterApp.Application.csproj]
D:\newsletter-app\newsletter-app\backend\Application\Services\LookupService.cs(15,26): error CS0246: The type or namespace name 'ILookupRepository' could not be found (are you missing a using directive or an assembly reference?) [D:\newsletter-app\newsletter-app\backend\Application\NewsletterApp.Application.csproj]
D:\newsletter-app\newsletter-app\backend\Application\Interfaces\ISubscriberService.cs(17,83): warning CS8625: Cannot convert null literal to non-nullable reference type. [D:\newsletter-app\newsletter-app\backend\Application\NewsletterApp.Application.csproj]
D:\newsletter-app\newsletter-app\backend\Application\Interfaces\INewsletterService.cs(30,75): warning CS8625: Cannot convert null literal to non-nullable reference type. [D:\newsletter-app\newsletter-app\backend\Application\NewsletterApp.Application.csproj]
D:\newsletter-app\newsletter-app\backend\Application\Interfaces\INewsletterService.cs(30,111): warning CS8625: Cannot convert null literal to non-nullable reference type. [D:\newsletter-app\newsletter-app\backend\Application\NewsletterApp.Application.csproj]
D:\newsletter-app\newsletter-app\backend\Application\Services\LookupService.cs(17,30): error CS0246: The type or namespace name 'ILookupRepository' could not be found (are you missing a using directive or an assembly reference?) [D:\newsletter-app\newsletter-app\backend\Application\NewsletterApp.Application.csproj]
D:\newsletter-app\newsletter-app\backend\Application\Services\SubscriberService.cs(15,26): error CS0246: The type or namespace name 'ISubscriberRepository' could not be found (are you missing a using directive or an assembly reference?) [D:\newsletter-app\newsletter-app\backend\Application\NewsletterApp.Application.csproj]
D:\newsletter-app\newsletter-app\backend\Application\Services\SubscriberService.cs(17,34): error CS0246: The type or namespace name 'ISubscriberRepository' could not be found (are you missing a using directive or an assembly reference?) [D:\newsletter-app\newsletter-app\backend\Application\NewsletterApp.Application.csproj]
D:\newsletter-app\newsletter-app\backend\Application\Services\NewsletterService.cs(20,26): error CS0246: The type or namespace name 'INewsletterRepository' could not be found (are you missing a using directive or an assembly reference?) [D:\newsletter-app\newsletter-app\backend\Application\NewsletterApp.Application.csproj]
D:\newsletter-app\newsletter-app\backend\Application\Services\NewsletterService.cs(21,26): error CS0246: The type or namespace name 'ISubscriberRepository' could not be found (are you missing a using directive or an assembly reference?) [D:\newsletter-app\newsletter-app\backend\Application\NewsletterApp.Application.csproj]
D:\newsletter-app\newsletter-app\backend\Application\Services\SubscriberService.cs(95,96): warning CS8625: Cannot convert null literal to non-nullable reference type. [D:\newsletter-app\newsletter-app\backend\Application\NewsletterApp.Application.csproj]
D:\newsletter-app\newsletter-app\backend\Application\Services\NewsletterService.cs(27,13): error CS0246: The type or namespace name 'INewsletterRepository' could not be found (are you missing a using directive or an assembly reference?) [D:\newsletter-app\newsletter-app\backend\Application\NewsletterApp.Application.csproj]
D:\newsletter-app\newsletter-app\backend\Application\Services\NewsletterService.cs(28,13): error CS0246: The type or namespace name 'ISubscriberRepository' could not be found (are you missing a using directive or an assembly reference?) [D:\newsletter-app\newsletter-app\backend\Application\NewsletterApp.Application.csproj]
D:\newsletter-app\newsletter-app\backend\Application\Services\NewsletterService.cs(56,88): warning CS8625: Cannot convert null literal to non-nullable reference type. [D:\newsletter-app\newsletter-app\backend\Application\NewsletterApp.Application.csproj]
D:\newsletter-app\newsletter-app\backend\Application\Services\NewsletterService.cs(56,124): warning CS8625: Cannot convert null literal to non-nullable reference type. [D:\newsletter-app\newsletter-app\backend\Application\NewsletterApp.Application.csproj]

Build FAILED.

D:\newsletter-app\newsletter-app\backend\Application\Interfaces\IEmailService.cs(26,129): warning CS8625: Cannot convert null literal to non-nullable reference type. [D:\newsletter-app\newsletter-app\backend\Application\NewsletterApp.Application.csproj]
D:\newsletter-app\newsletter-app\backend\Application\Services\EmailService.cs(76,35): warning CS8625: Cannot convert null literal to non-nullable reference type. [D:\newsletter-app\newsletter-app\backend\Application\NewsletterApp.Application.csproj]
D:\newsletter-app\newsletter-app\backend\Application\Interfaces\ISubscriberService.cs(17,83): warning CS8625: Cannot convert null literal to non-nullable reference type. [D:\newsletter-app\newsletter-app\backend\Application\NewsletterApp.Application.csproj]
D:\newsletter-app\newsletter-app\backend\Application\Interfaces\INewsletterService.cs(30,75): warning CS8625: Cannot convert null literal to non-nullable reference type. [D:\newsletter-app\newsletter-app\backend\Application\NewsletterApp.Application.csproj]
D:\newsletter-app\newsletter-app\backend\Application\Interfaces\INewsletterService.cs(30,111): warning CS8625: Cannot convert null literal to non-nullable reference type. [D:\newsletter-app\newsletter-app\backend\Application\NewsletterApp.Application.csproj]
D:\newsletter-app\newsletter-app\backend\Application\Services\SubscriberService.cs(95,96): warning CS8625: Cannot convert null literal to non-nullable reference type. [D:\newsletter-app\newsletter-app\backend\Application\NewsletterApp.Application.csproj]
D:\newsletter-app\newsletter-app\backend\Application\Services\NewsletterService.cs(56,88): warning CS8625: Cannot convert null literal to non-nullable reference type. [D:\newsletter-app\newsletter-app\backend\Application\NewsletterApp.Application.csproj]
D:\newsletter-app\newsletter-app\backend\Application\Services\NewsletterService.cs(56,124): warning CS8625: Cannot convert null literal to non-nullable reference type. [D:\newsletter-app\newsletter-app\backend\Application\NewsletterApp.Application.csproj]
D:\newsletter-app\newsletter-app\backend\Application\Services\LookupService.cs(9,21): error CS0234: The type or namespace name 'Infrastructure' does not exist in the namespace 'NewsletterApp' (are you missing an assembly reference?) [D:\newsletter-app\newsletter-app\backend\Application\NewsletterApp.Application.csproj]
D:\newsletter-app\newsletter-app\backend\Application\Services\NewsletterService.cs(5,21): error CS0234: The type or namespace name 'Infrastructure' does not exist in the namespace 'NewsletterApp' (are you missing an assembly reference?) [D:\newsletter-app\newsletter-app\backend\Application\NewsletterApp.Application.csproj]
D:\newsletter-app\newsletter-app\backend\Application\Services\SubscriberService.cs(9,21): error CS0234: The type or namespace name 'Infrastructure' does not exist in the namespace 'NewsletterApp' (are you missing an assembly reference?) [D:\newsletter-app\newsletter-app\backend\Application\NewsletterApp.Application.csproj]
D:\newsletter-app\newsletter-app\backend\Application\Services\LookupService.cs(15,26): error CS0246: The type or namespace name 'ILookupRepository' could not be found (are you missing a using directive or an assembly reference?) [D:\newsletter-app\newsletter-app\backend\Application\NewsletterApp.Application.csproj]
D:\newsletter-app\newsletter-app\backend\Application\Services\LookupService.cs(17,30): error CS0246: The type or namespace name 'ILookupRepository' could not be found (are you missing a using directive or an assembly reference?) [D:\newsletter-app\newsletter-app\backend\Application\NewsletterApp.Application.csproj]
D:\newsletter-app\newsletter-app\backend\Application\Services\SubscriberService.cs(15,26): error CS0246: The type or namespace name 'ISubscriberRepository' could not be found (are you missing a using directive or an assembly reference?) [D:\newsletter-app\newsletter-app\backend\Application\NewsletterApp.Application.csproj]
D:\newsletter-app\newsletter-app\backend\Application\Services\SubscriberService.cs(17,34): error CS0246: The type or namespace name 'ISubscriberRepository' could not be found (are you missing a using directive or an assembly reference?) [D:\newsletter-app\newsletter-app\backend\Application\NewsletterApp.Application.csproj]
D:\newsletter-app\newsletter-app\backend\Application\Services\NewsletterService.cs(20,26): error CS0246: The type or namespace name 'INewsletterRepository' could not be found (are you missing a using directive or an assembly reference?) [D:\newsletter-app\newsletter-app\backend\Application\NewsletterApp.Application.csproj]
D:\newsletter-app\newsletter-app\backend\Application\Services\NewsletterService.cs(21,26): error CS0246: The type or namespace name 'ISubscriberRepository' could not be found (are you missing a using directive or an assembly reference?) [D:\newsletter-app\newsletter-app\backend\Application\NewsletterApp.Application.csproj]
D:\newsletter-app\newsletter-app\backend\Application\Services\NewsletterService.cs(27,13): error CS0246: The type or namespace name 'INewsletterRepository' could not be found (are you missing a using directive or an assembly reference?) [D:\newsletter-app\newsletter-app\backend\Application\NewsletterApp.Application.csproj]
D:\newsletter-app\newsletter-app\backend\Application\Services\NewsletterService.cs(28,13): error CS0246: The type or namespace name 'ISubscriberRepository' could not be found (are you missing a using directive or an assembly reference?) [D:\newsletter-app\newsletter-app\backend\Application\NewsletterApp.Application.csproj]
    8 Warning(s)
    11 Error(s)

Time Elapsed 00:00:01.24
